This line shouldn't be changed
My name is Jane Doe
You can also write it as Jane Doe or JaneDoe and should be replaced
My nickname is jane.doe
My email is not janedoe@g****.com because someone else has it
On gmail jane.doe@g****.com is an alias to janedoe@g****.com